[ckpt] device
[ckpt] read shader
[ckpt] compile shader (runtime)
[ckpt] compiled
[ckpt] cpu reference
[ckpt] cpu reference done
[variant] kernel_mv_v0_8x2
  max_rel_err=3.66e-04     0.54 ms/iter   BW=   0 GB/s
[variant] kernel_mv_v2_8x2
  max_rel_err=3.48e-04     0.43 ms/iter   BW=   0 GB/s
[variant] kernel_mv_v3_8x2
  max_rel_err=2.68e-04     0.38 ms/iter   BW=   0 GB/s
[variant] kernel_mv_v2_4x4
  max_rel_err=3.48e-04     0.43 ms/iter   BW=   0 GB/s
[variant] kernel_mv_v3_4x4
  max_rel_err=2.68e-04     0.30 ms/iter   BW=   1 GB/s
[variant] kernel_mv_v2_16x1
  max_rel_err=3.48e-04     0.30 ms/iter   BW=   1 GB/s
[variant] kernel_mv_v3_16x1
  max_rel_err=2.68e-04     0.41 ms/iter   BW=   0 GB/s
[ckpt] done
